?xml version="1.0" encoding="UTF-8"?>
<class name="D" kind="concrete">
    <inheritance>
        <from name="B" privacy="public"/>
        <from name="C" privacy="public"/>
    </inheritance>
    <conflicts>
        <member name="x">
            <class name="A">
                <public>
                    <attribute name="x" type="int" scope="instance" />
                </public>
            </class>
        </member>
    </conflicts>
</class>